
Merging program properties


As-needed library included to satisfy reference by file (symbol)

libc.so.6                     build/cooja/obj/random.o (srand@@GLIBC_2.2.5)

Allocating common symbols
Common symbol       size              file

simButtonIsDown     0x1               build/cooja/obj/buttons.o
simOutDataBuffer    0x7d              build/cooja/obj/cooja-radio.o
uip_ds6_prefix_list
                    0x60              build/cooja/obj/uip-ds6.o
compower_idle_activity
                    0x10              build/cooja/obj/compower.o
linkaddr_node_addr  0x8               build/cooja/obj/linkaddr.o
simSerialReceivingFlag
                    0x1               build/cooja/obj/rs232.o
simEEPROMData       0x400             build/cooja/obj/eeprom.o
periodic_timer      0x40              build/cooja/obj/link-stats.o
simLoggedLength     0x4               build/cooja/obj/cooja-log.o
simSerialReceivingLength
                    0x4               build/cooja/obj/rs232.o
simEtimerPending    0x4               build/cooja/obj/simEnvChange.o
uip_slen            0x2               build/cooja/obj/uip6.o
uip_ds6_timer_periodic
                    0x20              build/cooja/obj/uip-ds6.o
simVibChanged       0x1               build/cooja/obj/vib-sensor.o
simRtimerPending    0x4               build/cooja/obj/rtimer-arch.o
simIP               0x10              build/cooja/obj/ip.o
button_hal_periodic_event
                    0x1               build/cooja/obj/button-hal.o
uip_ds6_netif_addr_list_offset
                    0x1               build/cooja/obj/uip-ds6.o
uip_lladdr          0x8               build/cooja/obj/uip6.o
button_hal_press_event
                    0x1               build/cooja/obj/button-hal.o
simProcessRunValue  0x4               build/cooja/obj/simEnvChange.o
simIPChanged        0x1               build/cooja/obj/ip.o
serial_line_event_message
                    0x1               build/cooja/obj/serial-line.o
uip_appdata         0x8               build/cooja/obj/uip6.o
referenceVar        0x8               build/cooja/mtype431521018.o
simCurrentTime      0x8               build/cooja/obj/clock.o
simVibIsActive      0x1               build/cooja/obj/vib-sensor.o
uip_ds6_if          0x138             build/cooja/obj/uip-ds6.o
uip_flags           0x1               build/cooja/obj/uip6.o
uip_ds6_timer_ra    0x10              build/cooja/obj/uip-ds6.o
simSerialReceivingData
                    0x800             build/cooja/obj/rs232.o
simLoggedFlag       0x1               build/cooja/obj/cooja-log.o
packetbuf_attrs     0x1a              build/cooja/obj/packetbuf.o
uip_ds6_addr_size   0x1               build/cooja/obj/uip-ds6.o
uip_aligned_buf     0x500             build/cooja/obj/uip6.o
simRtimerCurrentTicks
                    0x8               build/cooja/obj/rtimer-arch.o
simRandomSeed       0x4               build/cooja/obj/moteid.o
rpl_multicast_addr  0x10              build/cooja/obj/rpl.o
simLoggedData       0x2000            build/cooja/obj/cooja-log.o
simEtimerNextExpirationTime
                    0x8               build/cooja/obj/simEnvChange.o
uip_len             0x2               build/cooja/obj/uip6.o
simButtonChanged    0x1               build/cooja/obj/buttons.o
simRtimerNextExpirationTime
                    0x8               build/cooja/obj/rtimer-arch.o
simPirIsActive      0x1               build/cooja/obj/pir-sensor.o
simInDataBuffer     0x7d              build/cooja/obj/cooja-radio.o
simPirChanged       0x1               build/cooja/obj/pir-sensor.o
simBeeped           0x1               build/cooja/obj/beep.o
tcpip_event         0x1               build/cooja/obj/tcpip.o
uip_sappdata        0x8               build/cooja/obj/uip6.o
sensors_event       0x1               build/cooja/obj/sensors.o
uip_udp_conns       0x140             build/cooja/obj/uip6.o
button_hal_release_event
                    0x1               build/cooja/obj/button-hal.o
packetbuf_addrs     0x10              build/cooja/obj/packetbuf.o
uip_udp_conn        0x8               build/cooja/obj/uip6.o
simMoteIDChanged    0x1               build/cooja/obj/moteid.o
sensors_flags       0x4               build/cooja/mtype431521018.o
curr_instance       0x260             build/cooja/obj/rpl-dag.o
simMoteID           0x4               build/cooja/obj/moteid.o
uip_conn            0x8               build/cooja/obj/uip6.o

Discarded input sections

 .note.GNU-stack
                0x0000000000000000        0x0 /usr/lib/gcc/x86_64-linux-gnu/9/../../../x86_64-linux-gnu/crti.o
 .note.GNU-stack
                0x0000000000000000        0x0 /usr/lib/gcc/x86_64-linux-gnu/9/crtbeginS.o
 .note.gnu.property
                0x0000000000000000       0x20 /usr/lib/gcc/x86_64-linux-gnu/9/crtbeginS.o
 .note.GNU-stack
                0x0000000000000000        0x0 build/cooja/mtype431521018.o
 .note.gnu.property
                0x0000000000000000       0x20 build/cooja/mtype431521018.o
 .note.GNU-stack
[...]
Memory Configuration

Name             Origin             Length             Attributes
*default*        0x0000000000000000 0xffffffffffffffff

Linker script and memory map

LOAD /usr/lib/gcc/x86_64-linux-gnu/9/../../../x86_64-linux-gnu/crti.o
LOAD /usr/lib/gcc/x86_64-linux-gnu/9/crtbeginS.o
LOAD build/cooja/mtype431521018.o
LOAD build/cooja/obj/aes-128.o
LOAD build/cooja/obj/anti-replay.o
LOAD build/cooja/obj/assert.o
LOAD build/cooja/obj/atomic.o
LOAD build/cooja/obj/autostart.o
LOAD build/cooja/obj/beep.o
LOAD build/cooja/obj/button-hal.o
LOAD build/cooja/obj/buttons.o
LOAD build/cooja/obj/ccm-star-packetbuf.o
LOAD build/cooja/obj/ccm-star.o
LOAD build/cooja/obj/cfs-cooja.o
LOAD build/cooja/obj/circular-list.o
LOAD build/cooja/obj/clock.o
LOAD build/cooja/obj/coap-block1.o
LOAD build/cooja/obj/coap-blocking-api.o
LOAD build/cooja/obj/coap-callback-api.o
LOAD build/cooja/obj/coap-client-observable.o
LOAD build/cooja/obj/coap-engine.o
LOAD build/cooja/obj/coap-keystore-simple.o
LOAD build/cooja/obj/coap-log.o
LOAD build/cooja/obj/coap-observe-client.o
LOAD build/cooja/obj/coap-observe.o
LOAD build/cooja/obj/coap-res-well-known-core.o
LOAD build/cooja/obj/coap-separate.o
LOAD build/cooja/obj/coap-timer-default.o
LOAD build/cooja/obj/coap-timer.o
LOAD build/cooja/obj/coap-transactions.o
LOAD build/cooja/obj/coap-uip.o
LOAD build/cooja/obj/coap.o
LOAD build/cooja/obj/compower.o
LOAD build/cooja/obj/contiki-main.o
LOAD build/cooja/obj/cooja-log.o
LOAD build/cooja/obj/cooja-radio.o
LOAD build/cooja/obj/cooja_mt.o
LOAD build/cooja/obj/cooja_mtarch.o
LOAD build/cooja/obj/crc16.o
LOAD build/cooja/obj/csma-output.o
LOAD build/cooja/obj/csma-security.o
LOAD build/cooja/obj/csma.o
LOAD build/cooja/obj/ctimer.o
LOAD build/cooja/obj/dbl-circ-list.o
LOAD build/cooja/obj/dbl-list.o
LOAD build/cooja/obj/eeprom.o
LOAD build/cooja/obj/energest.o
LOAD build/cooja/obj/etimer.o
LOAD build/cooja/obj/frame802154.o
LOAD build/cooja/obj/frame802154e-ie.o
LOAD build/cooja/obj/framer-802154.o
LOAD build/cooja/obj/gpio-hal-arch.o
LOAD build/cooja/obj/gpio-hal.o
LOAD build/cooja/obj/heapmem.o
LOAD build/cooja/obj/hexconv.o
LOAD build/cooja/obj/ifft.o
LOAD build/cooja/obj/int-master.o
LOAD build/cooja/obj/ip.o
LOAD build/cooja/obj/ip64-addr.o
LOAD build/cooja/obj/leds-arch.o
LOAD build/cooja/obj/leds.o
LOAD build/cooja/obj/link-stats.o
LOAD build/cooja/obj/linkaddr.o
LOAD build/cooja/obj/list.o
LOAD build/cooja/obj/log.o
LOAD build/cooja/obj/mac-sequence.o
LOAD build/cooja/obj/mac.o
LOAD build/cooja/obj/memb.o
LOAD build/cooja/obj/moteid.o
LOAD build/cooja/obj/mutex.o
LOAD build/cooja/obj/nbr-table.o
LOAD build/cooja/obj/net-debug.o
LOAD build/cooja/obj/netstack.o
LOAD build/cooja/obj/node-id.o
LOAD build/cooja/obj/nullframer.o
LOAD build/cooja/obj/nullradio.o
LOAD build/cooja/obj/packetbuf.o
LOAD build/cooja/obj/pir-sensor.o
LOAD build/cooja/obj/printf.o
LOAD build/cooja/obj/process.o
LOAD build/cooja/obj/psock.o
LOAD build/cooja/obj/putchar.o
LOAD build/cooja/obj/puts.o
LOAD build/cooja/obj/queuebuf.o
LOAD build/cooja/obj/random.o
LOAD build/cooja/obj/ringbuf.o
LOAD build/cooja/obj/ringbufindex.o
LOAD build/cooja/obj/rpl-dag-root.o
LOAD build/cooja/obj/rpl-dag.o
LOAD build/cooja/obj/rpl-ext-header.o
LOAD build/cooja/obj/rpl-icmp6.o
LOAD build/cooja/obj/rpl-mrhof.o
LOAD build/cooja/obj/rpl-nbr-policy.o
LOAD build/cooja/obj/rpl-neighbor.o
LOAD build/cooja/obj/rpl-of0.o
LOAD build/cooja/obj/rpl-timers.o
LOAD build/cooja/obj/rpl.o
LOAD build/cooja/obj/rs232.o
LOAD build/cooja/obj/rtimer-arch.o
LOAD build/cooja/obj/rtimer.o
LOAD build/cooja/obj/sensors.o
LOAD build/cooja/obj/serial-line.o
LOAD build/cooja/obj/sicslowpan.o
LOAD build/cooja/obj/simEnvChange.o
LOAD build/cooja/obj/simple-udp.o
LOAD build/cooja/obj/slip-arch.o
LOAD build/cooja/obj/slip.o
LOAD build/cooja/obj/snprintf.o
LOAD build/cooja/obj/sprintf.o
LOAD build/cooja/obj/stimer.o
LOAD build/cooja/obj/strformat.o
LOAD build/cooja/obj/tcp-socket.o
LOAD build/cooja/obj/tcpip.o
LOAD build/cooja/obj/timer.o
LOAD build/cooja/obj/trickle-timer.o
LOAD build/cooja/obj/udp-socket.o
LOAD build/cooja/obj/uip-ds6-nbr.o
LOAD build/cooja/obj/uip-ds6-route.o
LOAD build/cooja/obj/uip-ds6.o
LOAD build/cooja/obj/uip-icmp6.o
LOAD build/cooja/obj/uip-nameserver.o
LOAD build/cooja/obj/uip-nd6.o
LOAD build/cooja/obj/uip-packetqueue.o
LOAD build/cooja/obj/uip-sr.o
LOAD build/cooja/obj/uip-udp-packet.o
LOAD build/cooja/obj/uip6.o
LOAD build/cooja/obj/uipbuf.o
LOAD build/cooja/obj/uiplib.o
LOAD build/cooja/obj/vib-sensor.o
LOAD build/cooja/obj/watchdog.o
LOAD /usr/lib/gcc/x86_64-linux-gnu/9/libgcc.a
LOAD /usr/lib/gcc/x86_64-linux-gnu/9/libgcc_s.so
START GROUP
LOAD /usr/lib/gcc/x86_64-linux-gnu/9/../../../x86_64-linux-gnu/libgcc_s.so.1
LOAD /usr/lib/gcc/x86_64-linux-gnu/9/libgcc.a
END GROUP
LOAD /usr/lib/gcc/x86_64-linux-gnu/9/../../../x86_64-linux-gnu/libc.so
START GROUP
LOAD /lib/x86_64-linux-gnu/libc.so.6
LOAD /usr/lib/x86_64-linux-gnu/libc_nonshared.a
LOAD /lib/x86_64-linux-gnu/ld-linux-x86-64.so.2
END GROUP
LOAD /usr/lib/gcc/x86_64-linux-gnu/9/libgcc.a
LOAD /usr/lib/gcc/x86_64-linux-gnu/9/libgcc_s.so
START GROUP
LOAD /usr/lib/gcc/x86_64-linux-gnu/9/../../../x86_64-linux-gnu/libgcc_s.so.1
LOAD /usr/lib/gcc/x86_64-linux-gnu/9/libgcc.a
END GROUP
LOAD /usr/lib/gcc/x86_64-linux-gnu/9/crtendS.o
LOAD /usr/lib/gcc/x86_64-linux-gnu/9/../../../x86_64-linux-gnu/crtn.o
                0x00000000000002a8                . = (SEGMENT_START ("text-segment", 0x0) + SIZEOF_HEADERS)

.note.gnu.property
                0x00000000000002a8       0x20
 .note.gnu.property
                0x00000000000002a8       0x20 /usr/lib/gcc/x86_64-linux-gnu/9/../../../x86_64-linux-gnu/crti.o

.note.gnu.build-id
                0x00000000000002c8       0x24
 *(.note.gnu.build-id)
 .note.gnu.build-id
                0x00000000000002c8       0x24 /usr/lib/gcc/x86_64-linux-gnu/9/../../../x86_64-linux-gnu/crti.o

.hash
 *(.hash)

.gnu.hash       0x00000000000002f0     0x19b8
 *(.gnu.hash)
 .gnu.hash      0x00000000000002f0     0x19b8 /usr/lib/gcc/x86_64-linux-gnu/9/../../../x86_64-linux-gnu/crti.o

.dynsym         0x0000000000001ca8     0x52c8
 *(.dynsym)
 .dynsym        0x0000000000001ca8     0x52c8 /usr/lib/gcc/x86_64-linux-gnu/9/../../../x86_64-linux-gnu/crti.o

.dynstr         0x0000000000006f70     0x40e4
 *(.dynstr)
 .dynstr        0x0000000000006f70     0x40e4 /usr/lib/gcc/x86_64-linux-gnu/9/../../../x86_64-linux-gnu/crti.o

.gnu.version    0x000000000000b054      0x6e6
 *(.gnu.version)
 .gnu.version   0x000000000000b054      0x6e6 /usr/lib/gcc/x86_64-linux-gnu/9/../../../x86_64-linux-gnu/crti.o

.gnu.version_d  0x000000000000b740        0x0
 *(.gnu.version_d)
 .gnu.version_d
                0x000000000000b740        0x0 /usr/lib/gcc/x86_64-linux-gnu/9/../../../x86_64-linux-gnu/crti.o

.gnu.version_r  0x000000000000b740       0x40
 *(.gnu.version_r)
 .gnu.version_r
                0x000000000000b740       0x40 /usr/lib/gcc/x86_64-linux-gnu/9/../../../x86_64-linux-gnu/crti.o

.rela.dyn       0x000000000000b780     0x24a8
 *(.rela.init)
 *(.rela.text .rela.text.* .rela.gnu.linkonce.t.*)
 .rela.text     0x000000000000b780        0x0 /usr/lib/gcc/x86_64-linux-gnu/9/../../../x86_64-linux-gnu/crti.o
 *(.rela.fini)
 *(.rela.rodata .rela.rodata.* .rela.gnu.linkonce.r.*)
 *(.rela.data .rela.data.* .rela.gnu.linkonce.d.*)
 .rela.data.rel.local
                0x000000000000b780      0x9c0 /usr/lib/gcc/x86_64-linux-gnu/9/../../../x86_64-linux-gnu/crti.o
 .rela.data.rel
                0x000000000000c140      0x3a8 /usr/lib/gcc/x86_64-linux-gnu/9/../../../x86_64-linux-gnu/crti.o
 .rela.data.rel.ro.local
                0x000000000000c4e8      0x810 /usr/lib/gcc/x86_64-linux-gnu/9/../../../x86_64-linux-gnu/crti.o
 .rela.data.rel.ro
                0x000000000000ccf8      0x288 /usr/lib/gcc/x86_64-linux-gnu/9/../../../x86_64-linux-gnu/crti.o
 *(.rela.tdata .rela.tdata.* .rela.gnu.linkonce.td.*)
 *(.rela.tbss .rela.tbss.* .rela.gnu.linkonce.tb.*)
 *(.rela.ctors)
 *(.rela.dtors)
 *(.rela.got)
 .rela.got      0x000000000000cf80      0xc78 /usr/lib/gcc/x86_64-linux-gnu/9/../../../x86_64-linux-gnu/crti.o
 *(.rela.bss .rela.bss.* .rela.gnu.linkonce.b.*)
 *(.rela.ldata .rela.ldata.* .rela.gnu.linkonce.l.*)
 *(.rela.lbss .rela.lbss.* .rela.gnu.linkonce.lb.*)
 *(.rela.lrodata .rela.lrodata.* .rela.gnu.linkonce.lr.*)
 *(.rela.ifunc)
 .rela.ifunc    0x000000000000dbf8        0x0 /usr/lib/gcc/x86_64-linux-gnu/9/../../../x86_64-linux-gnu/crti.o
 .rela.fini_array
                0x000000000000dbf8       0x18 /usr/lib/gcc/x86_64-linux-gnu/9/../../../x86_64-linux-gnu/crti.o
 .rela.init_array
                0x000000000000dc10       0x18 /usr/lib/gcc/x86_64-linux-gnu/9/../../../x86_64-linux-gnu/crti.o

.rela.plt       0x000000000000dc28     0x2850
 *(.rela.plt)
 .rela.plt      0x000000000000dc28     0x2850 /usr/lib/gcc/x86_64-linux-gnu/9/../../../x86_64-linux-gnu/crti.o
 *(.rela.iplt)
                0x0000000000011000                . = ALIGN (CONSTANT (MAXPAGESIZE))

.init           0x0000000000011000       0x1b
 *(SORT_NONE(.init))
 .init          0x0000000000011000       0x16 /usr/lib/gcc/x86_64-linux-gnu/9/../../../x86_64-linux-gnu/crti.o
                0x0000000000011000                _init
 .init          0x0000000000011016        0x5 /usr/lib/gcc/x86_64-linux-gnu/9/../../../x86_64-linux-gnu/crtn.o

.plt            0x0000000000011020     0x1af0
 *(.plt)
 .plt           0x0000000000011020     0x1af0 /usr/lib/gcc/x86_64-linux-gnu/9/../../../x86_64-linux-gnu/crti.o
 *(.iplt)

.plt.got        0x0000000000012b10       0x30
 *(.plt.got)
 .plt.got       0x0000000000012b10       0x30 /usr/lib/gcc/x86_64-linux-gnu/9/../../../x86_64-linux-gnu/crti.o

.plt.sec        0x0000000000012b40     0x1ae0
 *(.plt.sec)
 .plt.sec       0x0000000000012b40     0x1ae0 /usr/lib/gcc/x86_64-linux-gnu/9/../../../x86_64-linux-gnu/crti.o

.text           0x0000000000014620    0x29e9a
 *(.text.unlikely .text.*_unlikely .text.unlikely.*)
 *(.text.exit .text.exit.*)
 *(.text.startup .text.startup.*)
 *(.text.hot .text.hot.*)
 *(SORT_BY_NAME(.text.sorted.*))
 *(.text .stub .text.* .gnu.linkonce.t.*)
 .text          0x0000000000014620        0x0 /usr/lib/gcc/x86_64-linux-gnu/9/../../../x86_64-linux-gnu/crti.o
 .text          0x0000000000014620       0xb9 /usr/lib/gcc/x86_64-linux-gnu/9/crtbeginS.o
 .text          0x00000000000146d9      0x362 build/cooja/mtype431521018.o
                0x000000000001478f                platform_init_stage_one
                0x00000000000147a4                platform_init_stage_two
                0x00000000000147b9                platform_init_stage_three
                0x00000000000147ce                platform_main_loop
                0x0000000000014868                JNI_OnLoad
                0x000000000001487f                Java_org_contikios_cooja_corecomm_Lib3_init
                0x00000000000148c6                Java_org_contikios_cooja_corecomm_Lib3_getMemory
                0x0000000000014925                Java_org_contikios_cooja_corecomm_Lib3_setMemory
                0x0000000000014984                Java_org_contikios_cooja_corecomm_Lib3_tick
                0x0000000000014a0c                Java_org_contikios_cooja_corecomm_Lib3_setReferenceAddress
 .text          0x0000000000014a3b      0x688 build/cooja/obj/aes-128.o
 .text          0x00000000000150c3        0x0 build/cooja/obj/anti-replay.o
 .text          0x00000000000150c3       0x31 build/cooja/obj/assert.o
                0x00000000000150c3                _xassert
 .text          0x00000000000150f4       0x84 build/cooja/obj/atomic.o
                0x0000000000015121                atomic_generic_cas_uint8
 .text          0x0000000000015178       0xbd build/cooja/obj/autostart.o
                0x0000000000015178                autostart_start
                0x00000000000151d9                autostart_exit
 .text          0x0000000000015235       0xe6 build/cooja/obj/beep.o
                0x0000000000015235                beep_alarm
                0x0000000000015250                beep_beep
                0x0000000000015268                beep
                0x000000000001527d                beep_down
                0x0000000000015295                beep_on
                0x00000000000152aa                beep_off
                0x00000000000152bf                beep_spinup
                0x00000000000152d4                beep_quick
                0x00000000000152ec                beep_long
 .text          0x000000000001531b      0x56b build/cooja/obj/button-hal.o
                0x00000000000154e0                button_hal_get_by_id
                0x000000000001552e                button_hal_get_by_index
                0x0000000000015565                button_hal_get_state
                0x00000000000155c8                button_hal_init
 .text          0x0000000000015886       0xa8 build/cooja/obj/buttons.o
 .text          0x000000000001592e        0x0 build/cooja/obj/ccm-star-packetbuf.o
 .text          0x000000000001592e      0x503 build/cooja/obj/ccm-star.o
 .text          0x0000000000015e31      0x39a build/cooja/obj/cfs-cooja.o
                0x0000000000015e31                cfs_open
                0x0000000000015eae                cfs_close
                0x0000000000015ec3                cfs_read
                0x0000000000015f8b                cfs_write
                0x0000000000016099                cfs_seek
                0x0000000000016148                cfs_remove
                0x0000000000016178                cfs_opendir
                0x000000000001618f                cfs_readdir
                0x00000000000161a6                cfs_closedir
 .text          0x00000000000161cb      0x208 build/cooja/obj/circular-list.o
                0x00000000000161cb                circular_list_init
                0x00000000000161e5                circular_list_head
                0x00000000000161fa                circular_list_tail
                0x000000000001624a                circular_list_remove
                0x00000000000162dd                circular_list_add
                0x0000000000016353                circular_list_length
                0x00000000000163b8                circular_list_is_empty
 .text          0x00000000000163d3       0x6f build/cooja/obj/clock.o
                0x00000000000163d3                clock_init
                0x00000000000163de                clock_time
                0x00000000000163f2                clock_seconds
                0x000000000001641e                clock_delay
 .text          0x0000000000016442      0x257 build/cooja/obj/coap-block1.o
                0x0000000000016488                coap_block1_handler
 .text          0x0000000000016699      0x472 build/cooja/obj/coap-blocking-api.o
                0x0000000000016699                coap_blocking_request_callback
                0x00000000000166d4                coap_blocking_request
 .text          0x0000000000016b0b      0x4ba build/cooja/obj/coap-callback-api.o
                0x0000000000016f3d                coap_send_request
 .text          0x0000000000016fc5      0x3dd build/cooja/obj/coap-client-observable.o
                0x0000000000017218                toggle_observation
 .text          0x00000000000173a2     0x1411 build/cooja/obj/coap-engine.o
                0x0000000000017471                coap_add_handler
                0x000000000001749a                coap_remove_handler
                0x00000000000174c3                coap_call_handlers
                0x0000000000017604                coap_receive
                0x000000000001818f                coap_engine_init
                0x0000000000018229                coap_activate_resource
                0x0000000000018399                coap_get_first_resource
                0x00000000000183b2                coap_get_next_resource
 .text          0x00000000000187b3        0xb build/cooja/obj/coap-keystore-simple.o
                0x00000000000187b3                coap_keystore_simple_init
 .text          0x00000000000187be       0x69 build/cooja/obj/coap-log.o
                0x00000000000187be                coap_log_string
 .text          0x0000000000018827      0xd03 build/cooja/obj/coap-observe-client.o
                0x00000000000188f8                coap_obs_add_observee
                0x0000000000018a28                coap_obs_remove_observee
                0x0000000000018ac3                coap_get_obs_subject_by_token
                0x0000000000018ba2                coap_obs_remove_observee_by_token
                0x0000000000018caf                coap_obs_remove_observee_by_url
                0x0000000000018f83                coap_handle_notification
                0x00000000000192b4                coap_generate_token
                0x00000000000192e5                coap_obs_request_registration
 .text          0x000000000001952a      0xe67 build/cooja/obj/coap-observe.o
                0x0000000000019706                coap_remove_observer
                0x00000000000197a2                coap_remove_observer_by_client
                0x0000000000019888                coap_remove_observer_by_token
                0x0000000000019995                coap_remove_observer_by_uri
                0x0000000000019a9e                coap_remove_observer_by_mid
                0x0000000000019b73                coap_notify_observers
                0x0000000000019b97                coap_notify_observers_sub
                0x000000000001a17e                coap_observe_handler
                0x000000000001a31a                coap_has_observers
 .text          0x000000000001a391      0x61b build/cooja/obj/coap-res-well-known-core.o
 .text          0x000000000001a9ac      0x42d build/cooja/obj/coap-separate.o
                0x000000000001a9c1                coap_separate_reject
                0x000000000001a9ea                coap_separate_accept
                0x000000000001ad3b                coap_separate_resume
 .text          0x000000000001add9      0x1e2 build/cooja/obj/coap-timer-default.o
 .text          0x000000000001afbb      0x323 build/cooja/obj/coap-timer.o
                0x000000000001b0cd                coap_timer_stop
                0x000000000001b103                coap_timer_set
                0x000000000001b13a                coap_timer_reset
                0x000000000001b174                coap_timer_time_to_next_expiration
                0x000000000001b1cd                coap_timer_run
                0x000000000001b295                coap_timer_init
 .text          0x000000000001b2de      0x5ed build/cooja/obj/coap-transactions.o
                0x000000000001b405                coap_new_transaction
                0x000000000001b479                coap_send_transaction
                0x000000000001b77a                coap_clear_transaction
                0x000000000001b820                coap_get_transaction_by_mid
 .text          0x000000000001b8cb      0xb97 build/cooja/obj/coap-uip.o
                0x000000000001b8cb                coap_endpoint_log
                0x000000000001b95b                coap_endpoint_print
                0x000000000001b9eb                coap_endpoint_snprint
                0x000000000001bb74                coap_endpoint_copy
                0x000000000001bbbc                coap_endpoint_cmp
                0x000000000001bd11                coap_endpoint_parse
                0x000000000001bf3f                coap_endpoint_is_secure
                0x000000000001bf58                coap_endpoint_is_connected
                0x000000000001bf9e                coap_endpoint_connect
                0x000000000001c038                coap_endpoint_disconnect
                0x000000000001c047                coap_databuf
                0x000000000001c05b                coap_transport_init
                0x000000000001c1b3                coap_sendto
 .text          0x000000000001c462     0x3d29 build/cooja/obj/coap.o
                0x000000000001cd8b                coap_init_connection
                0x000000000001cda2                coap_get_mid
                0x000000000001cdc4                coap_init_message
                0x000000000001ce1a                coap_serialize_message
                0x000000000001e1e6                coap_parse_message
                0x000000000001f40c                coap_get_query_variable
                0x000000000001f468                coap_get_post_variable
                0x000000000001f4c2                coap_set_status_code
                0x000000000001f4f4                coap_set_token
                0x000000000001f553                coap_get_header_content_format
                0x000000000001f59b                coap_set_header_content_format
                0x000000000001f5d3                coap_get_header_accept
                0x000000000001f61e                coap_set_header_accept
                0x000000000001f659                coap_get_header_max_age
                0x000000000001f6a2                coap_set_header_max_age
                0x000000000001f6d7                coap_get_header_etag
                0x000000000001f723                coap_set_header_etag
                0x000000000001f793                coap_get_header_if_match
                0x000000000001f7e5                coap_set_header_if_match
                0x000000000001f861                coap_get_header_if_none_match
                0x000000000001f88c                coap_set_header_if_none_match
                0x000000000001f8b4                coap_get_header_proxy_uri
                0x000000000001f8fd                coap_set_header_proxy_uri
                0x000000000001f94c                coap_get_header_uri_host
                0x000000000001f995                coap_set_header_uri_host
                0x000000000001f9e4                coap_get_header_uri_path
                0x000000000001fa33                coap_set_header_uri_path
                0x000000000001fa9d                coap_get_header_uri_query
                0x000000000001faec                coap_set_header_uri_query
                0x000000000001fb56                coap_get_header_location_path
                0x000000000001fb9f                coap_set_header_location_path
                0x000000000001fc55                coap_get_header_location_query
                0x000000000001fca4                coap_set_header_location_query
                0x000000000001fd0e                coap_get_header_observe
                0x000000000001fd57                coap_set_header_observe
                0x000000000001fd8f                coap_get_header_block2
                0x000000000001fe31                coap_set_header_block2
                0x000000000001fec1                coap_get_header_block1
                0x000000000001ff63                coap_set_header_block1
                0x000000000001ffee                coap_get_header_size2
                0x0000000000020035                coap_set_header_size2
                0x000000000002006d                coap_get_header_size1
                0x00000000000200b4                coap_set_header_size1
                0x00000000000200ec                coap_get_payload
                0x000000000002013c                coap_set_payload
 .text          0x000000000002018b       0xe2 build/cooja/obj/compower.o
                0x0000000000020199                compower_init
                0x00000000000201b3                compower_accumulate
                0x0000000000020243                compower_clear
 .text          0x000000000002026d      0x399 build/cooja/obj/contiki-main.o
                0x000000000002026d                main
 .text          0x0000000000020606      0x213 build/cooja/obj/cooja-log.o
                0x0000000000020606                simlog_char
                0x0000000000020660                simlog
                0x00000000000206e4                log_message
                0x0000000000020729                log_set_putchar_with_slip
                0x0000000000020740                dbg_putchar
                0x00000000000207c1                dbg_send_bytes
 .text          0x0000000000020819      0x79f build/cooja/obj/cooja-radio.o
                0x0000000000020878                radio_set_channel
                0x0000000000020892                radio_set_txpower
                0x00000000000208af                radio_signal_strength_last
                0x00000000000208c2                radio_signal_strength_current
                0x00000000000208d5                radio_LQI
 .text          0x0000000000020fb8       0xab build/cooja/obj/cooja_mt.o
                0x0000000000020fb8                cooja_mt_start
                0x0000000000020ff8                cooja_mt_exec
                0x000000000002103b                cooja_mt_yield
 .text          0x0000000000021063      0x10e build/cooja/obj/cooja_mtarch.o
                0x0000000000021063                cooja_mtarch_start
                0x0000000000021106                cooja_sw
                0x0000000000021133                cooja_mtarch_exec
                0x0000000000021161                cooja_mtarch_yield
 .text          0x0000000000021171       0xc6 build/cooja/obj/crc16.o
                0x0000000000021171                crc16_add
                0x00000000000211e3                crc16_data
 .text          0x0000000000021237      0xaba build/cooja/obj/csma-output.o
                0x0000000000021a0b                csma_output_packet
                0x0000000000021cc2                csma_output_init
 .text          0x0000000000021cf1       0x3d build/cooja/obj/csma-security.o
                0x0000000000021cf1                csma_security_create_frame
                0x0000000000021d17                csma_security_parse_frame
 .text          0x0000000000021d2e      0x29b build/cooja/obj/csma.o
 .text          0x0000000000021fc9      0x441 build/cooja/obj/ctimer.o
                0x000000000002212b                ctimer_init
                0x0000000000022160                ctimer_set
                0x00000000000221a4                ctimer_set_with_process
                0x000000000002225e                ctimer_reset
                0x00000000000222cf                ctimer_restart
                0x0000000000022340                ctimer_stop
                0x000000000002239e                ctimer_expired
 .text          0x000000000002240a      0x411 build/cooja/obj/dbl-circ-list.o
                0x000000000002240a                dbl_circ_list_init
                0x0000000000022424                dbl_circ_list_head
                0x0000000000022439                dbl_circ_list_tail
                0x0000000000022489                dbl_circ_list_remove
                0x0000000000022557                dbl_circ_list_add_head
                0x00000000000225ff                dbl_circ_list_add_tail
                0x00000000000226a5                dbl_circ_list_add_after
                0x0000000000022717                dbl_circ_list_add_before
                0x00000000000227a3                dbl_circ_list_length
                0x0000000000022800                dbl_circ_list_is_empty
 .text          0x000000000002281b      0x3a5 build/cooja/obj/dbl-list.o
                0x000000000002281b                dbl_list_init
                0x0000000000022835                dbl_list_head
                0x000000000002284a                dbl_list_tail
                0x0000000000022893                dbl_list_remove
                0x000000000002294c                dbl_list_add_head
                0x00000000000229c4                dbl_list_add_tail
                0x0000000000022a3d                dbl_list_add_after
                0x0000000000022abb                dbl_list_add_before
                0x0000000000022b54                dbl_list_length
                0x0000000000022ba5                dbl_list_is_empty
 .text          0x0000000000022bc0      0x165 build/cooja/obj/eeprom.o
                0x0000000000022bc0                eeprom_init
                0x0000000000022bcf                eeprom_read
                0x0000000000022c6f                eeprom_write
 .text          0x0000000000022d25       0x25 build/cooja/obj/energest.o
                0x0000000000022d25                energest_init
                0x0000000000022d30                energest_flush
                0x0000000000022d3b                energest_get_total_time
 .text          0x0000000000022d4a      0x57c build/cooja/obj/etimer.o
                0x0000000000022ff2                etimer_request_poll
                0x00000000000230a4                etimer_set
                0x00000000000230da                etimer_reset_with_new_interval
                0x0000000000023115                etimer_reset
                0x0000000000023140                etimer_restart
                0x000000000002316b                etimer_adjust
                0x000000000002319c                etimer_expired
                0x00000000000231bb                etimer_expiration_time
                0x00000000000231db                etimer_start_time
                0x00000000000231f0                etimer_pending
                0x000000000002320a                etimer_next_expiration_time
                0x000000000002322b                etimer_stop
 .text          0x00000000000232c6      0xcaa build/cooja/obj/frame802154.o
                0x00000000000232f4                frame802154_get_pan_id
                0x0000000000023305                frame802154_set_pan_id
                0x0000000000023321                frame802154_has_panid
                0x0000000000023500                frame802154_check_dest_panid
                0x000000000002359f                frame802154_is_broadcast_addr
                0x00000000000235f6                frame802154_extract_linkaddr
                0x0000000000023890                frame802154_hdrlen
                0x000000000002390f                frame802154_create_fcf
                0x00000000000239e1                frame802154_create
                0x0000000000023b8b                frame802154_parse_fcf
                0x0000000000023c82                frame802154_parse
 .text          0x0000000000023f70     0x10ea build/cooja/obj/frame802154e-ie.o
                0x00000000000240b5                frame80215e_create_ie_header_ack_nack_time_correction
                0x0000000000024153                frame80215e_create_ie_header_list_termination_1
                0x00000000000241a8                frame80215e_create_ie_header_list_termination_2
                0x00000000000241fd                frame80215e_create_ie_payload_list_termination
                0x0000000000024252                frame80215e_create_ie_mlme
                0x00000000000242ad                frame80215e_create_ie_tsch_synchronization
                0x000000000002437f                frame80215e_create_ie_tsch_slotframe_and_link
                0x00000000000245c9                frame80215e_create_ie_tsch_timeslot
                0x00000000000246c7                frame80215e_create_ie_tsch_channel_hopping_sequence
                0x0000000000024d52                frame802154e_parse_information_elements
 .text          0x000000000002505a      0x452 build/cooja/obj/framer-802154.o
                0x00000000000251f5                framer_802154_setup_params
 .text          0x00000000000254ac      0x412 build/cooja/obj/gpio-hal-arch.o
                0x00000000000254ac                gpio_hal_arch_register_pin_callback
                0x0000000000025553                gpio_hal_arch_init
                0x00000000000255a0                gpio_hal_arch_no_port_interrupt_enable
                0x00000000000255ed                gpio_hal_arch_no_port_interrupt_disable
                0x000000000002563a                gpio_hal_arch_no_port_pin_cfg_set
                0x0000000000025670                gpio_hal_arch_no_port_pin_cfg_get
                0x00000000000256a4                gpio_hal_arch_no_port_pin_set_input
                0x00000000000256b7                gpio_hal_arch_no_port_pin_set_output
                0x00000000000256ca                gpio_hal_arch_no_port_set_pin
                0x00000000000256ee                gpio_hal_arch_no_port_clear_pin
                0x0000000000025712                gpio_hal_arch_no_port_read_pin
                0x000000000002573f                gpio_hal_arch_no_port_write_pin
                0x0000000000025769                gpio_hal_arch_no_port_set_pins
                0x00000000000257b8                gpio_hal_arch_no_port_clear_pins
                0x0000000000025807                gpio_hal_arch_no_port_read_pins
                0x0000000000025855                gpio_hal_arch_no_port_write_pins
 .text          0x00000000000258be      0x181 build/cooja/obj/gpio-hal.o
                0x00000000000258be                gpio_hal_register_handler
                0x00000000000258e7                gpio_hal_event_handler
                0x0000000000025952                gpio_hal_init
                0x0000000000025971                gpio_hal_arch_port_toggle_pin
                0x00000000000259a8                gpio_hal_arch_port_toggle_pins
                0x00000000000259d9                gpio_hal_arch_no_port_toggle_pin
                0x0000000000025a13                gpio_hal_arch_no_port_toggle_pins
 .text          0x0000000000025a3f      0x889 build/cooja/obj/heapmem.o
                0x0000000000025e06                heapmem_alloc
                0x0000000000025e8b                heapmem_free
                0x0000000000025f7a                heapmem_realloc
                0x00000000000261b8                heapmem_stats
 .text          0x00000000000262c8      0x230 build/cooja/obj/hexconv.o
                0x0000000000026317                hexconv_hexlify
                0x00000000000263d2                hexconv_unhexlify
                0x00000000000264a6                hexconv_print
 .text          0x00000000000264f8      0x4fe build/cooja/obj/ifft.o
                0x0000000000026601                ifft
 .text          0x00000000000269f6       0x61 build/cooja/obj/int-master.o
                0x00000000000269f6                int_master_enable
                0x0000000000026a0b                int_master_read_and_disable
                0x0000000000026a2b                int_master_status_set
                0x0000000000026a42                int_master_is_enabled
 .text          0x0000000000026a57       0x16 build/cooja/obj/ip.o
 .text          0x0000000000026a6d      0x191 build/cooja/obj/ip64-addr.o
                0x0000000000026a6d                ip64_addr_copy4
                0x0000000000026a8c                ip64_addr_copy6
                0x0000000000026ab5                ip64_addr_4to6
                0x0000000000026b20                ip64_addr_6to4
                0x0000000000026b8d                ip64_addr_is_ip64
                0x0000000000026bc7                ip64_addr_set_prefix
 .text          0x0000000000026bfe       0x77 build/cooja/obj/leds-arch.o
                0x0000000000026c17                leds_arch_init
 .text          0x0000000000026c75      0x3ad build/cooja/obj/leds.o
                0x0000000000026c75                leds_init
                0x0000000000026cc0                leds_single_on
                0x0000000000026d2d                leds_single_off
                0x0000000000026d9a                leds_single_toggle
                0x0000000000026dd2                leds_on
                0x0000000000026e63                leds_off
                0x0000000000026ef4                leds_toggle
                0x0000000000026f50                leds_set
                0x0000000000026f79                leds_get
 .text          0x0000000000027022      0x47e build/cooja/obj/link-stats.o
                0x0000000000027022                link_stats_from_lladdr
                0x000000000002704a                link_stats_get_lladdr
                0x0000000000027072                link_stats_is_fresh
                0x00000000000270ba                guess_etx_from_rssi
                0x0000000000027140                link_stats_packet_sent
                0x00000000000272a5                link_stats_input_callback
                0x0000000000027405                link_stats_reset
                0x0000000000027461                link_stats_init
 .text          0x00000000000274a0       0x80 build/cooja/obj/linkaddr.o
                0x00000000000274a0                linkaddr_copy
                0x00000000000274c1                linkaddr_cmp
                0x00000000000274f7                linkaddr_set_node_addr
 .text          0x0000000000027520      0x39b build/cooja/obj/list.o
                0x0000000000027520                list_init
                0x000000000002753a                list_head
                0x000000000002754f                list_copy
                0x0000000000027570                list_tail
                0x00000000000275b9                list_add
                0x000000000002761d                list_push
                0x0000000000027660                list_chop
                0x00000000000276ed                list_pop
                0x0000000000027727                list_remove
                0x00000000000277b3                list_length
                0x00000000000277ee                list_insert
                0x0000000000027851                list_item_next
                0x0000000000027874                list_contains
 .text          0x00000000000278bb      0x520 build/cooja/obj/log.o
                0x00000000000278bb                log_6addr
                0x000000000002791e                log_6addr_compact_snprint
                0x00000000000279f9                log_6addr_compact
                0x0000000000027a5c                log_lladdr
                0x0000000000027ad6                log_lladdr_compact
                0x0000000000027b52                log_bytes
                0x0000000000027baf                log_set_level
                0x0000000000027cb9                log_get_level
                0x0000000000027d70                log_level_to_str
 .text          0x0000000000027ddb      0x1e2 build/cooja/obj/mac-sequence.o
                0x0000000000027ddb                mac_sequence_is_duplicate
                0x0000000000027ec0                mac_sequence_register_seqno
 .text          0x0000000000027fbd       0x3a build/cooja/obj/mac.o
                0x0000000000027fbd                mac_call_sent_callback
 .text          0x0000000000027ff7      0x21a build/cooja/obj/memb.o
                0x0000000000027ff7                memb_init
                0x000000000002805a                memb_alloc
                0x00000000000280d4                memb_free
                0x0000000000028167                memb_inmemb
                0x00000000000281be                memb_numfree
 .text          0x0000000000028211       0x41 build/cooja/obj/moteid.o
 .text          0x0000000000028252       0xa5 build/cooja/obj/mutex.o
                0x000000000002827f                mutex_generic_try_lock
                0x00000000000282c6                mutex_generic_unlock
 .text          0x00000000000282f7      0xca5 build/cooja/obj/nbr-table.o
                0x0000000000028756                nbr_table_count_entries
                0x00000000000287f8                nbr_table_gc_get_worst
                0x000000000002883c                nbr_table_can_accept_new
                0x00000000000289ee                nbr_table_entry_is_allowed
                0x0000000000028aa6                nbr_table_register
                0x0000000000028b38                nbr_table_is_registered
                0x0000000000028b8f                nbr_table_head
                0x0000000000028bfa                nbr_table_next
                0x0000000000028c74                nbr_table_add_lladdr
                0x0000000000028dd1                nbr_table_get_from_lladdr
                0x0000000000028e2d                nbr_table_remove
                0x0000000000028e81                nbr_table_lock
                0x0000000000028eb3                nbr_table_unlock
                0x0000000000028ee5                nbr_table_get_lladdr
                0x0000000000028f28                nbr_table_clear
                0x0000000000028f65                nbr_table_key_head
                0x0000000000028f7e                nbr_table_key_next
 .text          0x0000000000028f9c       0x7a build/cooja/obj/net-debug.o
                0x0000000000028f9c                net_debug_lladdr_print
 .text          0x0000000000029016      0x12b build/cooja/obj/netstack.o
                0x0000000000029016                netstack_process_ip_callback
                0x00000000000290b7                netstack_ip_packet_processor_add
                0x00000000000290e7                uip_ds6_ip_packet_processor_rm
                0x0000000000029110                netstack_init
 .text          0x0000000000029141       0x36 build/cooja/obj/node-id.o
                0x0000000000029141                node_id_init
 .text          0x0000000000029177      0x147 build/cooja/obj/nullframer.o
 .text          0x00000000000292be      0x15a build/cooja/obj/nullradio.o
 .text          0x0000000000029418      0x4a9 build/cooja/obj/packetbuf.o
                0x0000000000029418                packetbuf_clear
                0x0000000000029446                packetbuf_copyfrom
                0x00000000000294a0                packetbuf_copyto
                0x0000000000029547                packetbuf_hdralloc
                0x00000000000295d6                packetbuf_hdrreduce
                0x0000000000029626                packetbuf_set_datalen
                0x0000000000029642                packetbuf_dataptr
                0x0000000000029668                packetbuf_hdrptr
                0x0000000000029679                packetbuf_datalen
                0x000000000002968a                packetbuf_hdrlen
                0x00000000000296a6                packetbuf_totlen
                0x00000000000296c9                packetbuf_remaininglen
                0x00000000000296e1                packetbuf_attr_clear
                0x0000000000029746                packetbuf_attr_copyto
                0x0000000000029791                packetbuf_attr_copyfrom
                0x00000000000297dc                packetbuf_set_attr
                0x000000000002980c                packetbuf_attr
                0x000000000002982d                packetbuf_set_addr
                0x0000000000029873                packetbuf_addr
                0x000000000002989d                packetbuf_holds_broadcast
 .text          0x00000000000298c1       0xfa build/cooja/obj/pir-sensor.o
 .text          0x00000000000299bb      0x113 build/cooja/obj/printf.o
                0x00000000000299f0                printf
                0x00000000000299f0                __wrap_printf
 .text          0x0000000000029ace      0x67a build/cooja/obj/process.o
                0x0000000000029ace                process_alloc_event
                0x0000000000029ae8                process_start
                0x0000000000029d59                process_exit
                0x0000000000029d85                process_init
                0x0000000000029f82                process_run
                0x0000000000029fb7                process_nevents
                0x0000000000029fd7                process_post
                0x000000000002a09f                process_post_synch
                0x000000000002a0ed                process_poll
                0x000000000002a12a                process_is_running
 .text          0x000000000002a148      0x988 build/cooja/obj/psock.o
                0x000000000002a56b                psock_send
                0x000000000002a623                psock_generator_send
                0x000000000002a785                psock_datalen
                0x000000000002a7a8                psock_newdata
                0x000000000002a805                psock_readto
                0x000000000002a925                psock_readbuf_len
                0x000000000002aa5e                psock_init
 .text          0x000000000002aad0       0x1b build/cooja/obj/putchar.o
                0x000000000002aad0                putchar
                0x000000000002aad0                __wrap_putchar
 .text          0x000000000002aaeb       0x38 build/cooja/obj/puts.o
                0x000000000002aaeb                puts
                0x000000000002aaeb                __wrap_puts
 .text          0x000000000002ab23      0x35d build/cooja/obj/queuebuf.o
                0x000000000002ab38                queuebuf_init
                0x000000000002ab5b                queuebuf_numfree
                0x000000000002ab71                queuebuf_new_from_packetbuf
                0x000000000002ac17                queuebuf_update_attr_from_packetbuf
                0x000000000002ac5a                queuebuf_update_from_packetbuf
                0x000000000002acb6                queuebuf_free
                0x000000000002ad09                queuebuf_to_packetbuf
                0x000000000002ad7f                queuebuf_dataptr
                0x000000000002adc3                queuebuf_datalen
                0x000000000002adf3                queuebuf_addr
                0x000000000002ae3a                queuebuf_attr
                0x000000000002ae75                queuebuf_debug_print
 .text          0x000000000002ae80       0x2f build/cooja/obj/random.o
                0x000000000002ae80                random_init
                0x000000000002aea0                random_rand
 .text          0x000000000002aeaf      0x19d build/cooja/obj/ringbuf.o
                0x000000000002aeaf                ringbuf_init
                0x000000000002aef0                ringbuf_put
                0x000000000002af7f                ringbuf_get
                0x000000000002affd                ringbuf_size
                0x000000000002b019                ringbuf_elements
 .text          0x000000000002b04c      0x25a build/cooja/obj/ringbufindex.o
                0x000000000002b04c                ringbufindex_init
                0x000000000002b07d                ringbufindex_put
                0x000000000002b0e8                ringbufindex_peek_put
                0x000000000002b13a                ringbufindex_get
                0x000000000002b1a7                ringbufindex_peek_get
                0x000000000002b1ef                ringbufindex_size
                0x000000000002b20a                ringbufindex_elements
                0x000000000002b23c                ringbufindex_full
                0x000000000002b280                ringbufindex_empty
 .text          0x000000000002b2a6      0x354 build/cooja/obj/rpl-dag-root.o
                0x000000000002b2a6                rpl_dag_root_print_links
                0x000000000002b415                rpl_dag_root_set_prefix
                0x000000000002b451                rpl_dag_root_start
                0x000000000002b5ba                rpl_dag_root_is_root
 .text          0x000000000002b5fa     0x11e4 build/cooja/obj/rpl-dag.o
                0x000000000002b5fa                rpl_dag_state_to_str
                0x000000000002b658                rpl_dag_get_root_ipaddr
                0x000000000002b6a2                rpl_dag_leave
                0x000000000002b74a                rpl_dag_poison_and_leave
                0x000000000002b768                rpl_dag_periodic
                0x000000000002b82c                rpl_is_addr_in_our_dag
                0x000000000002b885                rpl_get_default_instance
                0x000000000002b8ac                rpl_get_any_dag
                0x000000000002b919                rpl_refresh_routes
                0x000000000002b97b                rpl_global_repair
                0x000000000002ba37                rpl_local_repair
                0x000000000002ba96                rpl_dag_ready_to_advertise
                0x000000000002baee                rpl_dag_update_state
                0x000000000002c39a                rpl_process_dio
                0x000000000002c439                rpl_process_dis
                0x000000000002c48a                rpl_process_dao
                0x000000000002c533                rpl_process_dao_ack
                0x000000000002c5e0                rpl_process_hbh
                0x000000000002c63f                rpl_dag_init_root
                0x000000000002c7ba                rpl_dag_init
 .text          0x000000000002c7de      0xe02 build/cooja/obj/rpl-ext-header.o
                0x000000000002c7de                rpl_ext_header_srh_get_next_hop
                0x000000000002c8ec                rpl_ext_header_srh_update
                0x000000000002cf8d                rpl_ext_header_hbh_update
                0x000000000002d32d                rpl_ext_header_update
                0x000000000002d3d7                rpl_ext_header_remove
 .text          0x000000000002d5e0     0x16d9 build/cooja/obj/rpl-icmp6.o
                0x000000000002d774                rpl_icmp6_update_nbr_table
                0x000000000002d829                rpl_icmp6_dis_output
                0x000000000002df4b                rpl_icmp6_dio_output
                0x000000000002e878                rpl_icmp6_dao_output
                0x000000000002ebe8                rpl_icmp6_dao_ack_output
                0x000000000002ec7e                rpl_icmp6_init
 .text          0x000000000002ecb9      0x374 build/cooja/obj/rpl-mrhof.o
 .text          0x000000000002f02d       0x8d build/cooja/obj/rpl-nbr-policy.o
                0x000000000002f075                rpl_nbr_gc_get_worst
 .text          0x000000000002f0ba      0xae7 build/cooja/obj/rpl-neighbor.o
                0x000000000002f151                rpl_neighbor_snprint
                0x000000000002f488                rpl_neighbor_print_list
                0x000000000002f55f                rpl_neighbor_count
                0x000000000002f64a                rpl_neighbor_get_from_lladdr
                0x000000000002f675                rpl_neighbor_is_acceptable_parent
                0x000000000002f6c1                rpl_neighbor_get_link_metric
                0x000000000002f70d                rpl_neighbor_rank_via_nbr
                0x000000000002f759                rpl_neighbor_get_lladdr
                0x000000000002f784                rpl_neighbor_get_ipaddr
                0x000000000002f7b2                rpl_neighbor_get_link_stats
                0x000000000002f7e0                rpl_neighbor_is_fresh
                0x000000000002f80e                rpl_neighbor_is_parent
                0x000000000002f847                rpl_neighbor_set_preferred_parent
                0x000000000002f8fe                rpl_neighbor_remove_all
                0x000000000002f964                rpl_neighbor_get_from_ipaddr
                0x000000000002fa9d                rpl_neighbor_select_best
                0x000000000002fb7d                rpl_neighbor_init
 .text          0x000000000002fba1      0x322 build/cooja/obj/rpl-of0.o
 .text          0x000000000002fec3      0xce7 build/cooja/obj/rpl-timers.o
                0x000000000002fec3                rpl_timers_schedule_periodic_dis
                0x0000000000030070                rpl_timers_dio_reset
                0x00000000000301f1                rpl_timers_schedule_unicast_dio
                0x00000000000303cc                rpl_timers_schedule_dao
                0x00000000000304cf                rpl_timers_schedule_dao_ack
                0x000000000003058b                rpl_timers_notify_dao_ack
                0x00000000000305fd                get_probing_delay
                0x000000000003064a                get_probing_target
                0x0000000000030892                rpl_schedule_probing
                0x00000000000308d3                rpl_schedule_probing_now
                0x000000000003095e                rpl_timers_unschedule_leaving
                0x00000000000309a2                rpl_timers_schedule_leaving
                0x00000000000309f7                rpl_timers_init
                0x0000000000030aa0                rpl_timers_stop_dag_timers
                0x0000000000030b2d                rpl_timers_unschedule_state_update
                0x0000000000030b57                rpl_timers_schedule_state_update
 .text          0x0000000000030baa      0x665 build/cooja/obj/rpl.o
                0x0000000000030baa                rpl_lollipop_greater_than
                0x0000000000030c0e                rpl_get_global_address
                0x0000000000030dae                rpl_link_callback
                0x0000000000030e18                rpl_has_joined
                0x0000000000030e4b                rpl_is_reachable
                0x0000000000030ef1                rpl_reset_prefix
                0x0000000000030f68                rpl_set_prefix_from_addr
                0x000000000003107a                rpl_set_prefix
                0x00000000000311e4                rpl_set_leaf_only
                0x00000000000311fe                rpl_get_leaf_only
 .text          0x000000000003120f      0x188 build/cooja/obj/rs232.o
                0x000000000003120f                rs232_init
                0x000000000003121a                rs232_set_speed
                0x000000000003122a                rs232_set_input
                0x0000000000031244                rs232_send
                0x0000000000031263                rs232_print
                0x000000000003128e                slip_arch_writeb
 .text          0x0000000000031397       0xcc build/cooja/obj/rtimer-arch.o
                0x0000000000031397                rtimer_arch_init
                0x00000000000313bd                rtimer_arch_schedule
                0x00000000000313e7                rtimer_arch_next
                0x00000000000313fb                rtimer_arch_pending
                0x000000000003140e                rtimer_arch_check
                0x000000000003144f                rtimer_arch_now
 .text          0x0000000000031463      0x101 build/cooja/obj/rtimer.o
                0x0000000000031463                rtimer_init
                0x0000000000031473                rtimer_set
                0x00000000000314f4                rtimer_run_next
 .text          0x0000000000031564      0x35f build/cooja/obj/sensors.o
                0x00000000000315ad                sensors_first
                0x00000000000315c1                sensors_next
                0x00000000000315f0                sensors_changed
                0x000000000003163d                sensors_find
 .text          0x00000000000318c3      0x229 build/cooja/obj/serial-line.o
                0x00000000000318c3                serial_line_input_byte
                0x0000000000031ab5                serial_line_init
 .text          0x0000000000031aec     0x375c build/cooja/obj/sicslowpan.o
                0x00000000000322ca                netstack_sniffer_add
                0x00000000000322e4                netstack_sniffer_remove
                0x0000000000035211                sicslowpan_init
                0x0000000000035238                sicslowpan_get_last_rssi
 .text          0x0000000000035248       0x93 build/cooja/obj/simEnvChange.o
                0x0000000000035248                doActionsBeforeTick
                0x0000000000035291                doActionsAfterTick
 .text          0x00000000000352db      0x493 build/cooja/obj/simple-udp.o
                0x000000000003530c                simple_udp_send
                0x000000000003537e                simple_udp_sendto
                0x00000000000353f0                simple_udp_sendto_port
                0x0000000000035460                simple_udp_register
 .text          0x000000000003576e       0x1a build/cooja/obj/slip-arch.o
                0x000000000003576e                slip_arch_init
 .text          0x0000000000035788      0x72b build/cooja/obj/slip.o
                0x0000000000035788                slip_set_input_callback
                0x00000000000357a2                slip_send
                0x00000000000357cb                slip_write
                0x0000000000035d62                slip_input_byte
 .text          0x0000000000035eb3      0x1f5 build/cooja/obj/snprintf.o
                0x0000000000035f3b                __wrap_snprintf
                0x0000000000035f3b                snprintf
                0x0000000000036020                vsnprintf
                0x0000000000036020                __wrap_vsnprintf
 .text          0x00000000000360a8      0x152 build/cooja/obj/sprintf.o
                0x00000000000360f3                __wrap_sprintf
                0x00000000000360f3                sprintf
 .text          0x00000000000361fa      0x123 build/cooja/obj/stimer.o
                0x00000000000361fa                stimer_set
                0x0000000000036229                stimer_reset
                0x0000000000036265                stimer_restart
                0x0000000000036284                stimer_expired
                0x00000000000362c6                stimer_remaining
                0x00000000000362fc                stimer_elapsed
 .text          0x000000000003631d     0x1710 build/cooja/obj/strformat.o
                0x0000000000036690                format_str
                0x0000000000036771                format_str_v
 .text          0x0000000000037a2d        0x0 build/cooja/obj/tcp-socket.o
 .text          0x0000000000037a2d      0x87f build/cooja/obj/tcpip.o
                0x0000000000037a5d                tcpip_output
                0x0000000000037af5                udp_attach
                0x0000000000037b23                udp_new
                0x0000000000037b7e                udp_broadcast_new
                0x0000000000037d2f                tcpip_input
                0x0000000000037f08                tcpip_ipv6_output
                0x0000000000038161                tcpip_poll_udp
                0x000000000003818f                tcpip_uipcall
 .text          0x00000000000382ac       0xfb build/cooja/obj/timer.o
                0x00000000000382ac                timer_set
                0x00000000000382db                timer_reset
                0x0000000000038317                timer_restart
                0x0000000000038336                timer_expired
                0x0000000000038371                timer_remaining
 .text          0x00000000000383a7      0x55e build/cooja/obj/trickle-timer.o
                0x0000000000038702                trickle_timer_consistency
                0x000000000003873e                trickle_timer_inconsistency
                0x000000000003878f                trickle_timer_config
                0x0000000000038866                trickle_timer_set
 .text          0x0000000000038905      0x4cc build/cooja/obj/udp-socket.o
                0x0000000000038936                udp_socket_register
                0x00000000000389f3                udp_socket_close
                0x0000000000038a36                udp_socket_bind
                0x0000000000038a89                udp_socket_connect
                0x0000000000038b01                udp_socket_send
                0x0000000000038b57                udp_socket_sendto
 .text          0x0000000000038dd1      0x416 build/cooja/obj/uip-ds6-nbr.o
                0x0000000000038dd1                uip_ds6_neighbors_init
                0x0000000000038dfa                uip_ds6_nbr_add
                0x0000000000038e98                uip_ds6_nbr_rm
                0x0000000000038ef5                uip_ds6_nbr_update_ll
                0x0000000000038ffa                uip_ds6_nbr_get_ipaddr
                0x000000000003901a                uip_ds6_nbr_get_ll
                0x0000000000039042                uip_ds6_nbr_num
                0x0000000000039094                uip_ds6_nbr_head
                0x00000000000390ad                uip_ds6_nbr_next
                0x00000000000390d5                uip_ds6_nbr_lookup
                0x000000000003913e                uip_ds6_nbr_ll_lookup
                0x0000000000039166                uip_ds6_nbr_ipaddr_from_lladdr
                0x000000000003919a                uip_ds6_nbr_lladdr_from_ipaddr
                0x00000000000391d6                uip_ds6_link_callback
 .text          0x00000000000391e7      0x3ed build/cooja/obj/uip-ds6-route.o
                0x000000000003923b                uip_ds6_route_init
                0x0000000000039261                uip_ds6_route_count_nexthop_neighbors
                0x0000000000039270                uip_ds6_route_nexthop
                0x0000000000039283                uip_ds6_route_head
                0x0000000000039292                uip_ds6_route_next
                0x00000000000392a5                uip_ds6_route_is_nexthop
                0x00000000000392b8                uip_ds6_route_num_routes
                0x00000000000392c7                uip_ds6_route_lookup
                0x00000000000392da                uip_ds6_route_add
                0x00000000000392f6                uip_ds6_route_rm
                0x0000000000039305                uip_ds6_route_rm_by_nexthop
                0x0000000000039314                uip_ds6_defrt_head
                0x000000000003932d                uip_ds6_defrt_add
                0x00000000000393ea                uip_ds6_defrt_rm
                0x000000000003945d                uip_ds6_defrt_lookup
                0x00000000000394d4                uip_ds6_defrt_choose
                0x0000000000039557                uip_ds6_defrt_periodic
 .text          0x00000000000395d4      0xe95 build/cooja/obj/uip-ds6.o
                0x00000000000395d4                uip_ds6_default_prefix
                0x00000000000395e5                uip_ds6_set_default_prefix
                0x000000000003960d                uip_ds6_init
                0x000000000003989d                uip_ds6_periodic
                0x000000000003993f                uip_ds6_list_loop
                0x0000000000039a28                uip_ds6_prefix_add
                0x0000000000039af9                uip_ds6_prefix_rm
                0x0000000000039b17                uip_ds6_prefix_lookup
                0x0000000000039b6e                uip_ds6_is_addr_onlink
                0x0000000000039c02                uip_ds6_addr_add
                0x0000000000039d47                uip_ds6_addr_rm
                0x0000000000039dff                uip_ds6_addr_lookup
                0x0000000000039e51                uip_ds6_get_link_local
                0x0000000000039ef6                uip_ds6_get_global
                0x0000000000039f9b                uip_ds6_maddr_add
                0x000000000003a014                uip_ds6_maddr_rm
                0x000000000003a032                uip_ds6_maddr_lookup
                0x000000000003a087                uip_ds6_aaddr_add
                0x000000000003a100                uip_ds6_aaddr_rm
                0x000000000003a11e                uip_ds6_aaddr_lookup
                0x000000000003a173                uip_ds6_select_src
                0x000000000003a2fd                uip_ds6_set_addr_iid
                0x000000000003a336                uip_ds6_set_lladdr_from_iid
                0x000000000003a36d                get_match_length
                0x000000000003a41b                uip_ds6_compute_reachable_time
 .text          0x000000000003a469      0x8af build/cooja/obj/uip-icmp6.o
                0x000000000003a4e6                uip_icmp6_input
                0x000000000003a544                uip_icmp6_register_input_handler
                0x000000000003a6d6                uip_icmp6_error_output
                0x000000000003aa39                uip_icmp6_send
                0x000000000003ac85                uip_icmp6_echo_reply_callback_add
                0x000000000003accc                uip_icmp6_echo_reply_callback_rm
                0x000000000003acf5                uip_icmp6_init
 .text          0x000000000003ad18       0xdd build/cooja/obj/uip-nameserver.o
                0x000000000003ad18                uip_nameserver_update
                0x000000000003ad4c                uip_nameserver_get
                0x000000000003ad6f                uip_nameserver_next_expiration
                0x000000000003ad7f                uip_nameserver_count
 .text          0x000000000003adf5      0x877 build/cooja/obj/uip-nd6.o
                0x000000000003b655                uip_nd6_init
 .text          0x000000000003b66c      0x1b0 build/cooja/obj/uip-packetqueue.o
                0x000000000003b6a8                uip_packetqueue_new
                0x000000000003b6c2                uip_packetqueue_alloc
                0x000000000003b739                uip_packetqueue_free
                0x000000000003b78e                uip_packetqueue_buf
                0x000000000003b7ba                uip_packetqueue_buflen
                0x000000000003b7e9                uip_packetqueue_set_buflen
 .text          0x000000000003b81c      0x7de build/cooja/obj/uip-sr.o
                0x000000000003b81c                uip_sr_num_nodes
                0x000000000003b8c7                uip_sr_get_node
                0x000000000003b92f                uip_sr_is_addr_reachable
                0x000000000003b9f7                uip_sr_expire_parent
                0x000000000003ba66                uip_sr_update_node
                0x000000000003bbd7                uip_sr_init
                0x000000000003bc07                uip_sr_node_head
                0x000000000003bc20                uip_sr_node_next
                0x000000000003bc3e                uip_sr_periodic
                0x000000000003bd77                uip_sr_free_all
                0x000000000003bdf3                uip_sr_link_snprint
 .text          0x000000000003bffa      0x144 build/cooja/obj/uip-udp-packet.o
                0x000000000003bffa                uip_udp_packet_send
                0x000000000003c079                uip_udp_packet_sendto
 .text          0x000000000003c13e     0x170a build/cooja/obj/uip6.o
                0x000000000003c202                uip_chksum
                0x000000000003c2e8                uip_icmp6chksum
                0x000000000003c2fc                uip_udpchksum
                0x000000000003c310                uip_init
                0x000000000003c377                uip_remove_ext_hdr
                0x000000000003c478                uip_udp_new
                0x000000000003c821                uip_process
                0x000000000003d6ce                uip_htons
                0x000000000003d6f1                uip_htonl
                0x000000000003d739                uip_send
 .text          0x000000000003d848      0x5ae build/cooja/obj/uipbuf.o
                0x000000000003d848                uipbuf_clear
                0x000000000003d87a                uipbuf_add_ext_hdr
                0x000000000003d912                uipbuf_set_len
                0x000000000003d944                uipbuf_set_len_field
                0x000000000003d977                uipbuf_get_len_field
                0x000000000003d9a2                uipbuf_get_next_header
                0x000000000003db14                uipbuf_get_last_header
                0x000000000003dba7                uipbuf_search_header
                0x000000000003dc6e                uipbuf_get_attr
                0x000000000003dc9f                uipbuf_set_attr
                0x000000000003dcdf                uipbuf_set_default_attr
                0x000000000003dd1f                uipbuf_clear_attr
                0x000000000003dd46                uipbuf_set_attr_flag
                0x000000000003dd69                uipbuf_clr_attr_flag
                0x000000000003dd92                uipbuf_is_attr_flag
                0x000000000003ddb7                uipbuf_init
 .text          0x000000000003ddf6      0x581 build/cooja/obj/uiplib.o
                0x000000000003ddf6                uiplib_ip6addrconv
                0x000000000003dfdc                uiplib_ip4addrconv
                0x000000000003e0ae                uiplib_ipaddr_print
                0x000000000003e111                uiplib_ipaddr_snprint
 .text          0x000000000003e377       0xfa build/cooja/obj/vib-sensor.o
 .text          0x000000000003e471       0x49 build/cooja/obj/watchdog.o
                0x000000000003e471                watchdog_init
                0x000000000003e47c                watchdog_start
                0x000000000003e487                watchdog_periodic
                0x000000000003e4a4                watchdog_stop
                0x000000000003e4af                watchdog_reboot
 .text          0x000000000003e4ba        0x0 /usr/lib/gcc/x86_64-linux-gnu/9/crtendS.o
 .text          0x000000000003e4ba        0x0 /usr/lib/gcc/x86_64-linux-gnu/9/../../../x86_64-linux-gnu/crtn.o
 *(.gnu.warning)

.fini           0x000000000003e4bc        0xd
 *(SORT_NONE(.fini))
 .fini          0x000000000003e4bc        0x8 /usr/lib/gcc/x86_64-linux-gnu/9/../../../x86_64-linux-gnu/crti.o
                0x000000000003e4bc                _fini
 .fini          0x000000000003e4c4        0x5 /usr/lib/gcc/x86_64-linux-gnu/9/../../../x86_64-linux-gnu/crtn.o
                [!provide]                        PROVIDE (__etext = .)
                [!provide]                        PROVIDE (_etext = .)
                [!provide]                        PROVIDE (etext = .)
                0x000000000003f000                . = ALIGN (CONSTANT (MAXPAGESIZE))
                0x000000000003f000                . = SEGMENT_START ("rodata-segment", (ALIGN (CONSTANT (MAXPAGESIZE)) + (. & (CONSTANT (MAXPAGESIZE) - 0x1))))

.rodata         0x000000000003f000     0x1fe7
 *(.rodata .rodata.* .gnu.linkonce.r.*)
 .rodata        0x000000000003f000      0x100 build/cooja/obj/aes-128.o
 .rodata        0x000000000003f100       0x25 build/cooja/obj/assert.o
 .rodata        0x000000000003f125       0x13 build/cooja/obj/button-hal.o
 .rodata        0x000000000003f138       0x14 build/cooja/obj/buttons.o
                0x000000000003f144                button_hal_button_count
 *fill*         0x000000000003f14c        0x4 
 .rodata        0x000000000003f150       0x26 build/cooja/obj/cfs-cooja.o
 *fill*         0x000000000003f176        0x2 
 .rodata        0x000000000003f178       0x7d build/cooja/obj/coap-block1.o
 *fill*         0x000000000003f1f5        0x3 
 .rodata        0x000000000003f1f8       0xa6 build/cooja/obj/coap-blocking-api.o
 *fill*         0x000000000003f29e        0x2 
 .rodata        0x000000000003f2a0       0xa6 build/cooja/obj/coap-callback-api.o
 *fill*         0x000000000003f346        0x2 
 .rodata        0x000000000003f348      0x175 build/cooja/obj/coap-client-observable.o
 *fill*         0x000000000003f4bd        0x3 
 .rodata        0x000000000003f4c0      0x31e build/cooja/obj/coap-engine.o
 .rodata        0x000000000003f7de        0xb build/cooja/obj/coap-log.o
 *fill*         0x000000000003f7e9        0x7 
 .rodata        0x000000000003f7f0      0x28e build/cooja/obj/coap-observe-client.o
 *fill*         0x000000000003fa7e        0x2 
 .rodata        0x000000000003fa80      0x180 build/cooja/obj/coap-observe.o
 .rodata        0x000000000003fc00       0xa9 build/cooja/obj/coap-res-well-known-core.o
 *fill*         0x000000000003fca9        0x7 
 .rodata        0x000000000003fcb0       0xa4 build/cooja/obj/coap-separate.o
 .rodata        0x000000000003fd54       0x13 build/cooja/obj/coap-timer-default.o
 *fill*         0x000000000003fd67        0x1 
 .rodata        0x000000000003fd68      0x10a build/cooja/obj/coap-transactions.o
 *fill*         0x000000000003fe72        0x6 
 .rodata        0x000000000003fe78      0x10b build/cooja/obj/coap-uip.o
 *fill*         0x000000000003ff83        0x5 
 .rodata        0x000000000003ff88      0x75c build/cooja/obj/coap.o
 *fill*         0x00000000000406e4        0x4 
 .rodata        0x00000000000406e8      0x104 build/cooja/obj/contiki-main.o
 .rodata        0x00000000000407ec       0x68 build/cooja/obj/cooja-radio.o
 *fill*         0x0000000000040854        0x4 
 .rodata        0x0000000000040858       0x28 build/cooja/obj/csma-output.o
 .rodata        0x0000000000040880        0x5 build/cooja/obj/csma.o
 .rodata        0x0000000000040885        0xf build/cooja/obj/ctimer.o
 .rodata        0x0000000000040894        0xc build/cooja/obj/etimer.o
 .rodata        0x00000000000408a0       0xb0 build/cooja/obj/heapmem.o
 .rodata        0x0000000000040950       0x16 build/cooja/obj/hexconv.o
 *fill*         0x0000000000040966       0x1a 
 .rodata        0x0000000000040980       0x78 build/cooja/obj/ifft.o
 .rodata        0x00000000000409f8        0x6 build/cooja/obj/leds-arch.o
                0x00000000000409f8                leds_arch_leds
 *fill*         0x00000000000409fe        0x2 
 .rodata        0x0000000000040a00        0x8 build/cooja/obj/linkaddr.o
                0x0000000000040a00                linkaddr_null
 .rodata        0x0000000000040a08       0xc0 build/cooja/obj/log.o
 .rodata        0x0000000000040ac8       0x14 build/cooja/obj/net-debug.o
 .rodata        0x0000000000040adc        0x4 build/cooja/obj/pir-sensor.o
 .rodata        0x0000000000040ae0       0xd7 build/cooja/obj/rpl-dag.o
 *fill*         0x0000000000040bb7        0x1 
 .rodata        0x0000000000040bb8       0x58 build/cooja/obj/rpl-neighbor.o
 .rodata        0x0000000000040c10        0xc build/cooja/obj/rpl-timers.o
 .rodata        0x0000000000040c1c        0x9 build/cooja/obj/rpl.o
 .rodata        0x0000000000040c25        0x3 build/cooja/obj/rs232.o
 .rodata        0x0000000000040c28        0x8 build/cooja/obj/sensors.o
 .rodata        0x0000000000040c30        0xe build/cooja/obj/serial-line.o
 .rodata        0x0000000000040c3e       0x1d build/cooja/obj/sicslowpan.o
                0x0000000000040c3e                unc_llconf
                0x0000000000040c42                unc_ctxconf
                0x0000000000040c46                unc_mxconf
                0x0000000000040c4a                llprefix
 .rodata        0x0000000000040c5b       0x13 build/cooja/obj/simple-udp.o
 .rodata        0x0000000000040c6e        0xc build/cooja/obj/slip.o
 *fill*         0x0000000000040c7a        0x6 
 .rodata        0x0000000000040c80      0x280 build/cooja/obj/strformat.o
 .rodata        0x0000000000040f00        0xd build/cooja/obj/tcpip.o
 .rodata        0x0000000000040f0d       0x13 build/cooja/obj/udp-socket.o
 .rodata        0x0000000000040f20       0x4c build/cooja/obj/uip-ds6-route.o
 .rodata        0x0000000000040f6c       0x44 build/cooja/obj/uip-sr.o
 .rodata        0x0000000000040fb0       0x2d build/cooja/obj/uiplib.o
 .rodata        0x0000000000040fdd        0xa build/cooja/obj/vib-sensor.o

.rodata1
 *(.rodata1)

.eh_frame_hdr   0x0000000000040fe8     0x211c
 *(.eh_frame_hdr)
 .eh_frame_hdr  0x0000000000040fe8     0x211c build/cooja/mtype431521018.o
                0x0000000000040fe8                __GNU_EH_FRAME_HDR
 *(.eh_frame_entry .eh_frame_entry.*)

.eh_frame       0x0000000000043108     0x8514
 *(.eh_frame)
 .eh_frame      0x0000000000043108       0x40 /usr/lib/gcc/x86_64-linux-gnu/9/../../../x86_64-linux-gnu/crti.o
 .eh_frame      0x0000000000043148       0x18 /usr/lib/gcc/x86_64-linux-gnu/9/../../../x86_64-linux-gnu/crti.o
                                         0x30 (size before relaxing)
 .eh_frame      0x0000000000043160       0x18 /usr/lib/gcc/x86_64-linux-gnu/9/../../../x86_64-linux-gnu/crti.o
                                         0x30 (size before relaxing)
 .eh_frame      0x0000000000043178      0x198 build/cooja/mtype431521018.o
                                        0x1b0 (size before relaxing)
 .eh_frame      0x0000000000043310       0x60 build/cooja/obj/aes-128.o
                                         0x78 (size before relaxing)
 .eh_frame      0x0000000000043370       0x20 build/cooja/obj/assert.o
                                         0x38 (size before relaxing)
 .eh_frame      0x0000000000043390       0x60 build/cooja/obj/atomic.o
                                         0x78 (size before relaxing)
 .eh_frame      0x00000000000433f0       0x40 build/cooja/obj/autostart.o
                                         0x58 (size before relaxing)
 .eh_frame      0x0000000000043430      0x160 build/cooja/obj/beep.o
                                        0x178 (size before relaxing)
 .eh_frame      0x0000000000043590      0x160 build/cooja/obj/button-hal.o
                                        0x178 (size before relaxing)
 .eh_frame      0x00000000000436f0       0xa0 build/cooja/obj/buttons.o
                                         0xb8 (size before relaxing)
 .eh_frame      0x0000000000043790       0xc0 build/cooja/obj/ccm-star.o
                                         0xd8 (size before relaxing)
 .eh_frame      0x0000000000043850      0x160 build/cooja/obj/cfs-cooja.o
                                        0x178 (size before relaxing)
 .eh_frame      0x00000000000439b0       0xe0 build/cooja/obj/circular-list.o
                                         0xf8 (size before relaxing)
 .eh_frame      0x0000000000043a90       0xc0 build/cooja/obj/clock.o
                                         0xd8 (size before relaxing)
 .eh_frame      0x0000000000043b50       0x40 build/cooja/obj/coap-block1.o
                                         0x58 (size before relaxing)
 .eh_frame      0x0000000000043b90       0x40 build/cooja/obj/coap-blocking-api.o
                                         0x58 (size before relaxing)
 .eh_frame      0x0000000000043bd0       0x60 build/cooja/obj/coap-callback-api.o
                                         0x78 (size before relaxing)
 .eh_frame      0x0000000000043c30       0x60 build/cooja/obj/coap-client-observable.o
                                         0x78 (size before relaxing)
 .eh_frame      0x0000000000043c90      0x220 build/cooja/obj/coap-engine.o
                                        0x238 (size before relaxing)
 .eh_frame      0x0000000000043eb0       0x20 build/cooja/obj/coap-keystore-simple.o
                                         0x38 (size before relaxing)
 .eh_frame      0x0000000000043ed0       0x20 build/cooja/obj/coap-log.o
                                         0x38 (size before relaxing)
 .eh_frame      0x0000000000043ef0      0x1c8 build/cooja/obj/coap-observe-client.o
                                        0x1e0 (size before relaxing)
 .eh_frame      0x00000000000440b8      0x190 build/cooja/obj/coap-observe.o
                                        0x1a8 (size before relaxing)
 .eh_frame      0x0000000000044248       0x20 build/cooja/obj/coap-res-well-known-core.o
                                         0x38 (size before relaxing)
 .eh_frame      0x0000000000044268       0x88 build/cooja/obj/coap-separate.o
                                         0xa0 (size before relaxing)
 .eh_frame      0x00000000000442f0       0xa0 build/cooja/obj/coap-timer-default.o
                                         0xb8 (size before relaxing)
 .eh_frame      0x0000000000044390      0x108 build/cooja/obj/coap-timer.o
                                        0x120 (size before relaxing)
 .eh_frame      0x0000000000044498      0x100 build/cooja/obj/coap-transactions.o
                                        0x118 (size before relaxing)
 .eh_frame      0x0000000000044598      0x248 build/cooja/obj/coap-uip.o
                                        0x260 (size before relaxing)
 .eh_frame      0x00000000000447e0      0x6e8 build/cooja/obj/coap.o
                                        0x700 (size before relaxing)
 .eh_frame      0x0000000000044ec8       0x80 build/cooja/obj/compower.o
                                         0x98 (size before relaxing)
 .eh_frame      0x0000000000044f48       0x20 build/cooja/obj/contiki-main.o
                                         0x38 (size before relaxing)
 .eh_frame      0x0000000000044f68      0x100 build/cooja/obj/cooja-log.o
                                        0x118 (size before relaxing)
 .eh_frame      0x0000000000045068      0x360 build/cooja/obj/cooja-radio.o
                                        0x378 (size before relaxing)
 .eh_frame      0x00000000000453c8       0x60 build/cooja/obj/cooja_mt.o
                                         0x78 (size before relaxing)
 .eh_frame      0x0000000000045428       0x80 build/cooja/obj/cooja_mtarch.o
                                         0x98 (size before relaxing)
 .eh_frame      0x00000000000454a8       0x40 build/cooja/obj/crc16.o
                                         0x58 (size before relaxing)
 .eh_frame      0x00000000000454e8      0x1c8 build/cooja/obj/csma-output.o
                                        0x1e0 (size before relaxing)
 .eh_frame      0x00000000000456b0       0x40 build/cooja/obj/csma-security.o
                                         0x58 (size before relaxing)
 .eh_frame      0x00000000000456f0       0xe0 build/cooja/obj/csma.o
                                         0xf8 (size before relaxing)
 .eh_frame      0x00000000000457d0      0x100 build/cooja/obj/ctimer.o
                                        0x118 (size before relaxing)
 .eh_frame      0x00000000000458d0      0x140 build/cooja/obj/dbl-circ-list.o
                                        0x158 (size before relaxing)
 .eh_frame      0x0000000000045a10      0x140 build/cooja/obj/dbl-list.o
                                        0x158 (size before relaxing)
 .eh_frame      0x0000000000045b50       0xa0 build/cooja/obj/eeprom.o
                                         0xb8 (size before relaxing)
 .eh_frame      0x0000000000045bf0       0x60 build/cooja/obj/energest.o
                                         0x78 (size before relaxing)
 .eh_frame      0x0000000000045c50      0x1e0 build/cooja/obj/etimer.o
                                        0x1f8 (size before relaxing)
 .eh_frame      0x0000000000045e30      0x1a8 build/cooja/obj/frame802154.o
                                        0x1c0 (size before relaxing)
 .eh_frame      0x0000000000045fd8      0x220 build/cooja/obj/frame802154e-ie.o
                                        0x238 (size before relaxing)
 .eh_frame      0x00000000000461f8       0xa8 build/cooja/obj/framer-802154.o
                                         0xc0 (size before relaxing)
 .eh_frame      0x00000000000462a0      0x220 build/cooja/obj/gpio-hal-arch.o
                                        0x238 (size before relaxing)
 .eh_frame      0x00000000000464c0       0xe0 build/cooja/obj/gpio-hal.o
                                         0xf8 (size before relaxing)
 .eh_frame      0x00000000000465a0      0x160 build/cooja/obj/heapmem.o
                                        0x178 (size before relaxing)
 .eh_frame      0x0000000000046700       0x80 build/cooja/obj/hexconv.o
                                         0x98 (size before relaxing)
 .eh_frame      0x0000000000046780       0xa0 build/cooja/obj/ifft.o
                                         0xb8 (size before relaxing)
 .eh_frame      0x0000000000046820       0x80 build/cooja/obj/int-master.o
                                         0x98 (size before relaxing)
 .eh_frame      0x00000000000468a0       0x40 build/cooja/obj/ip.o
                                         0x58 (size before relaxing)
 .eh_frame      0x00000000000468e0       0xc0 build/cooja/obj/ip64-addr.o
                                         0xd8 (size before relaxing)
 .eh_frame      0x00000000000469a0       0x80 build/cooja/obj/leds-arch.o
                                         0x98 (size before relaxing)
 .eh_frame      0x0000000000046a20      0x120 build/cooja/obj/leds.o
                                        0x138 (size before relaxing)
 .eh_frame      0x0000000000046b40      0x120 build/cooja/obj/link-stats.o
                                        0x138 (size before relaxing)
 .eh_frame      0x0000000000046c60       0x60 build/cooja/obj/linkaddr.o
                                         0x78 (size before relaxing)
 .eh_frame      0x0000000000046cc0      0x1a0 build/cooja/obj/list.o
                                        0x1b8 (size before relaxing)
 .eh_frame      0x0000000000046e60      0x120 build/cooja/obj/log.o
                                        0x138 (size before relaxing)
 .eh_frame      0x0000000000046f80       0x48 build/cooja/obj/mac-sequence.o
                                         0x60 (size before relaxing)
 .eh_frame      0x0000000000046fc8       0x20 build/cooja/obj/mac.o
                                         0x38 (size before relaxing)
 .eh_frame      0x0000000000046fe8       0xa0 build/cooja/obj/memb.o
                                         0xb8 (size before relaxing)
 .eh_frame      0x0000000000047088       0x40 build/cooja/obj/moteid.o
                                         0x58 (size before relaxing)
 .eh_frame      0x00000000000470c8       0x80 build/cooja/obj/mutex.o
                                         0x98 (size before relaxing)
 .eh_frame      0x0000000000047148      0x3e0 build/cooja/obj/nbr-table.o
                                        0x3f8 (size before relaxing)
 .eh_frame      0x0000000000047528       0x20 build/cooja/obj/net-debug.o
                                         0x38 (size before relaxing)
 .eh_frame      0x0000000000047548       0x80 build/cooja/obj/netstack.o
                                         0x98 (size before relaxing)
 .eh_frame      0x00000000000475c8       0x20 build/cooja/obj/node-id.o
                                         0x38 (size before relaxing)
 .eh_frame      0x00000000000475e8       0x80 build/cooja/obj/nullframer.o
                                         0x98 (size before relaxing)
 .eh_frame      0x0000000000047668      0x1c0 build/cooja/obj/nullradio.o
                                        0x1d8 (size before relaxing)
 .eh_frame      0x0000000000047828      0x288 build/cooja/obj/packetbuf.o
                                        0x2a0 (size before relaxing)
 .eh_frame      0x0000000000047ab0       0xa0 build/cooja/obj/pir-sensor.o
                                         0xb8 (size before relaxing)
 .eh_frame      0x0000000000047b50       0x40 build/cooja/obj/printf.o
                                         0x58 (size before relaxing)
 .eh_frame      0x0000000000047b90      0x1c8 build/cooja/obj/process.o
                                        0x1e0 (size before relaxing)
 .eh_frame      0x0000000000047d58      0x160 build/cooja/obj/psock.o
                                        0x178 (size before relaxing)
 .eh_frame      0x0000000000047eb8       0x20 build/cooja/obj/putchar.o
                                         0x38 (size before relaxing)
 .eh_frame      0x0000000000047ed8       0x20 build/cooja/obj/puts.o
                                         0x38 (size before relaxing)
 .eh_frame      0x0000000000047ef8      0x1a0 build/cooja/obj/queuebuf.o
                                        0x1b8 (size before relaxing)
 .eh_frame      0x0000000000048098       0x40 build/cooja/obj/random.o
                                         0x58 (size before relaxing)
 .eh_frame      0x00000000000480d8       0xa0 build/cooja/obj/ringbuf.o
                                         0xb8 (size before relaxing)
 .eh_frame      0x0000000000048178      0x120 build/cooja/obj/ringbufindex.o
                                        0x138 (size before relaxing)
 .eh_frame      0x0000000000048298       0xa0 build/cooja/obj/rpl-dag-root.o
                                         0xb8 (size before relaxing)
 .eh_frame      0x0000000000048338      0x360 build/cooja/obj/rpl-dag.o
                                        0x378 (size before relaxing)
 .eh_frame      0x0000000000048698      0x128 build/cooja/obj/rpl-ext-header.o
                                        0x140 (size before relaxing)
 .eh_frame      0x00000000000487c0      0x1c0 build/cooja/obj/rpl-icmp6.o
                                        0x1d8 (size before relaxing)
 .eh_frame      0x0000000000048980      0x148 build/cooja/obj/rpl-mrhof.o
                                        0x160 (size before relaxing)
 .eh_frame      0x0000000000048ac8       0x40 build/cooja/obj/rpl-nbr-policy.o
                                         0x58 (size before relaxing)
 .eh_frame      0x0000000000048b08      0x2b0 build/cooja/obj/rpl-neighbor.o
                                        0x2c8 (size before relaxing)
 .eh_frame      0x0000000000048db8      0x130 build/cooja/obj/rpl-of0.o
                                        0x148 (size before relaxing)
 .eh_frame      0x0000000000048ee8      0x3a8 build/cooja/obj/rpl-timers.o
                                        0x3c0 (size before relaxing)
 .eh_frame      0x0000000000049290      0x1e0 build/cooja/obj/rpl.o
                                        0x1f8 (size before relaxing)
 .eh_frame      0x0000000000049470      0x100 build/cooja/obj/rs232.o
                                        0x118 (size before relaxing)
 .eh_frame      0x0000000000049570       0xc0 build/cooja/obj/rtimer-arch.o
                                         0xd8 (size before relaxing)
 .eh_frame      0x0000000000049630       0x60 build/cooja/obj/rtimer.o
                                         0x78 (size before relaxing)
 .eh_frame      0x0000000000049690       0xc0 build/cooja/obj/sensors.o
                                         0xd8 (size before relaxing)
 .eh_frame      0x0000000000049750       0x60 build/cooja/obj/serial-line.o
                                         0x78 (size before relaxing)
 .eh_frame      0x00000000000497b0      0x2e0 build/cooja/obj/sicslowpan.o
                                        0x2f8 (size before relaxing)
 .eh_frame      0x0000000000049a90       0x40 build/cooja/obj/simEnvChange.o
                                         0x58 (size before relaxing)
 .eh_frame      0x0000000000049ad0       0xc0 build/cooja/obj/simple-udp.o
                                         0xd8 (size before relaxing)
 .eh_frame      0x0000000000049b90       0x20 build/cooja/obj/slip-arch.o
                                         0x38 (size before relaxing)
 .eh_frame      0x0000000000049bb0       0xe0 build/cooja/obj/slip.o
                                         0xf8 (size before relaxing)
 .eh_frame      0x0000000000049c90       0x60 build/cooja/obj/snprintf.o
                                         0x78 (size before relaxing)
 .eh_frame      0x0000000000049cf0       0x40 build/cooja/obj/sprintf.o
                                         0x58 (size before relaxing)
 .eh_frame      0x0000000000049d30       0xc0 build/cooja/obj/stimer.o
                                         0xd8 (size before relaxing)
 .eh_frame      0x0000000000049df0      0x120 build/cooja/obj/strformat.o
                                        0x138 (size before relaxing)
 .eh_frame      0x0000000000049f10      0x248 build/cooja/obj/tcpip.o
                                        0x260 (size before relaxing)
 .eh_frame      0x000000000004a158       0xa0 build/cooja/obj/timer.o
                                         0xb8 (size before relaxing)
 .eh_frame      0x000000000004a1f8      0x168 build/cooja/obj/trickle-timer.o
                                        0x180 (size before relaxing)
 .eh_frame      0x000000000004a360      0x100 build/cooja/obj/udp-socket.o
                                        0x118 (size before relaxing)
 .eh_frame      0x000000000004a460      0x1c0 build/cooja/obj/uip-ds6-nbr.o
                                        0x1d8 (size before relaxing)
 .eh_frame      0x000000000004a620      0x240 build/cooja/obj/uip-ds6-route.o
                                        0x258 (size before relaxing)
 .eh_frame      0x000000000004a860      0x328 build/cooja/obj/uip-ds6.o
                                        0x340 (size before relaxing)
 .eh_frame      0x000000000004ab88      0x148 build/cooja/obj/uip-icmp6.o
                                        0x160 (size before relaxing)
 .eh_frame      0x000000000004acd0       0x80 build/cooja/obj/uip-nameserver.o
                                         0x98 (size before relaxing)
 .eh_frame      0x000000000004ad50       0x80 build/cooja/obj/uip-nd6.o
                                         0x98 (size before relaxing)
 .eh_frame      0x000000000004add0       0xe0 build/cooja/obj/uip-packetqueue.o
                                         0xf8 (size before relaxing)
 .eh_frame      0x000000000004aeb0      0x180 build/cooja/obj/uip-sr.o
                                        0x198 (size before relaxing)
 .eh_frame      0x000000000004b030       0x40 build/cooja/obj/uip-udp-packet.o
                                         0x58 (size before relaxing)
 .eh_frame      0x000000000004b070      0x1e8 build/cooja/obj/uip6.o
                                        0x200 (size before relaxing)
 .eh_frame      0x000000000004b258      0x200 build/cooja/obj/uipbuf.o
                                        0x218 (size before relaxing)
 .eh_frame      0x000000000004b458       0x80 build/cooja/obj/uiplib.o
                                         0x98 (size before relaxing)
 .eh_frame      0x000000000004b4d8       0xa0 build/cooja/obj/vib-sensor.o
                                         0xb8 (size before relaxing)
 .eh_frame      0x000000000004b578       0xa0 build/cooja/obj/watchdog.o
                                         0xb8 (size before relaxing)
 .eh_frame      0x000000000004b618        0x4 /usr/lib/gcc/x86_64-linux-gnu/9/crtendS.o
 *(.eh_frame.*)

.gcc_except_table
 *(.gcc_except_table .gcc_except_table.*)

.gnu_extab
 *(.gnu_extab*)

.exception_ranges
 *(.exception_ranges*)
                0x000000000004d5b0                . = DATA_SEGMENT_ALIGN (CONSTANT (MAXPAGESIZE), CONSTANT (COMMONPAGESIZE))

.eh_frame
 *(.eh_frame)
 *(.eh_frame.*)

.gnu_extab
 *(.gnu_extab)

.gcc_except_table
 *(.gcc_except_table .gcc_except_table.*)

.exception_ranges
 *(.exception_ranges*)

.tdata
 *(.tdata .tdata.* .gnu.linkonce.td.*)

.tbss
 *(.tbss .tbss.* .gnu.linkonce.tb.*)
 *(.tcommon)

.preinit_array
 *(.preinit_array)

.init_array     0x000000000004d5b0        0x8
 *(SORT_BY_INIT_PRIORITY(.init_array.*) SORT_BY_INIT_PRIORITY(.ctors.*))
 *(.init_array EXCLUDE_FILE(*crtend?.o *crtend.o *crtbegin?.o *crtbegin.o) .ctors)